   Compiling iota-types v1.31.0-alpha (https://github.com/iotaledger/iota#22eaa70f)
   Compiling move-bytecode-verifier v0.1.0 (https://github.com/iotaledger/iota#22eaa70f)
   Compiling governor v0.6.3
   Compiling axum-server v0.8.0
   Compiling parking_lot v0.12.5
   Compiling move-ir-to-bytecode v0.1.0 (https://github.com/iotaledger/iota#22eaa70f)
   Compiling hashbrown v0.14.5
   Compiling rayon v1.12.0
   Compiling stacker v0.1.25
   Compiling idna v1.1.0
   Compiling crossbeam-utils v0.8.22
   Compiling codespan v0.11.1
   Compiling tabled_derive v0.6.0
   Compiling uuid v1.24.1
   Compiling soketto v0.8.1
   Compiling rustls-platform-verifier v0.5.3
   Compiling colored v2.2.0
error[E0277]: the trait bound `G2Element: fastcrypto::groups::GroupElement` is not satisfied
   --> /home/rafa/.cargo/git/checkouts/iota-9a03ad60c9097a1b/22eaa70/crates/iota-types/src/messages_consensus.rs:515:8
    |
515 |     V1(dkg_v1::Message<bls12381::G2Element, bls12381::G2Element>),
    |        ^^^^^^^^^^^^^^^^^^^^^^^^^^^^^^^^^^^^^^^^^^^^^^^^^^^^^^^^^ the trait `fastcrypto::groups::GroupElement` is not implemented for `G2Element`
    |
note: there are multiple different versions of crate `fastcrypto` in the dependency graph
   --> /home/rafa/.cargo/git/checkouts/fastcrypto-9995504e1c5344d5/47f8f6b/fastcrypto/src/groups/mod.rs:20:1
    |
 20 | / pub trait GroupElement:
 21 | |     Copy
 22 | |     + Clone
 23 | |     + Debug
...   |
 34 | |     + for<'a> Mul<&'a Self::ScalarType, Output = Self>
 35 | |     + Sized
    | |___________^ this is the expected trait
    |
   ::: /home/rafa/.cargo/registry/src/index.crates.io-1949cf8c6b5b557f/fastcrypto-0.1.11/src/groups/mod.rs:20:1
    |
 20 | / pub trait GroupElement:
 21 | |     Copy
 22 | |     + Clone
 23 | |     + Debug
...   |
 34 | |     + for<'a> Mul<&'a Self::ScalarType, Output = Self>
 35 | |     + Sized
    | |___________- this is the found trait
    = help: you can use `cargo tree` to explore your dependency tree
    = help: the following other types implement trait `fastcrypto::groups::GroupElement`:
              fastcrypto::groups::bls12381::G1Element
              fastcrypto::groups::bls12381::G2Element
              fastcrypto::groups::bls12381::GTElement
              fastcrypto::groups::bls12381::Scalar
              fastcrypto::groups::ristretto255::RistrettoPoint
              fastcrypto::groups::ristretto255::RistrettoScalar
              fastcrypto::groups::secp256k1::ProjectivePoint
              fastcrypto::groups::secp256k1::Scalar
            and 2 others
    = note: there are multiple different versions of crate `fastcrypto` in the dependency graph
    = help: you can use `cargo tree` to explore your dependency tree
note: required by a bound in `fastcrypto_tbls::dkg_v1::Message`
   --> /home/rafa/.cargo/git/checkouts/fastcrypto-9995504e1c5344d5/47f8f6b/fastcrypto-tbls/src/dkg_v1.rs:87:23
    |
 87 | pub struct Message<G: GroupElement, EG: GroupElement> {
    |                       ^^^^^^^^^^^^ required by this bound in `Message`

error[E0277]: the trait bound `G2Element: fastcrypto::groups::GroupElement` is not satisfied
   --> /home/rafa/.cargo/git/checkouts/iota-9a03ad60c9097a1b/22eaa70/crates/iota-types/src/messages_consensus.rs:520:8
    |
520 |     V1(dkg_v1::Confirmation<bls12381::G2Element>),
    |        ^^^^^^^^^^^^^^^^^^^^^^^^^^^^^^^^^^^^^^^^^ the trait `fastcrypto::groups::GroupElement` is not implemented for `G2Element`
    |
note: there are multiple different versions of crate `fastcrypto` in the dependency graph
   --> /home/rafa/.cargo/git/checkouts/fastcrypto-9995504e1c5344d5/47f8f6b/fastcrypto/src/groups/mod.rs:20:1
    |
 20 | / pub trait GroupElement:
 21 | |     Copy
 22 | |     + Clone
 23 | |     + Debug
...   |
 34 | |     + for<'a> Mul<&'a Self::ScalarType, Output = Self>
 35 | |     + Sized
    | |___________^ this is the expected trait
    |
   ::: /home/rafa/.cargo/registry/src/index.crates.io-1949cf8c6b5b557f/fastcrypto-0.1.11/src/groups/mod.rs:20:1
    |
 20 | / pub trait GroupElement:
 21 | |     Copy
 22 | |     + Clone
 23 | |     + Debug
...   |
 34 | |     + for<'a> Mul<&'a Self::ScalarType, Output = Self>
 35 | |     + Sized
    | |___________- this is the found trait
    = help: you can use `cargo tree` to explore your dependency tree
    = help: the following other types implement trait `fastcrypto::groups::GroupElement`:
              fastcrypto::groups::bls12381::G1Element
              fastcrypto::groups::bls12381::G2Element
              fastcrypto::groups::bls12381::GTElement
              fastcrypto::groups::bls12381::Scalar
              fastcrypto::groups::ristretto255::RistrettoPoint
              fastcrypto::groups::ristretto255::RistrettoScalar
              fastcrypto::groups::secp256k1::ProjectivePoint
              fastcrypto::groups::secp256k1::Scalar
            and 2 others
    = note: there are multiple different versions of crate `fastcrypto` in the dependency graph
    = help: you can use `cargo tree` to explore your dependency tree
note: required by a bound in `Confirmation`
   --> /home/rafa/.cargo/git/checkouts/fastcrypto-9995504e1c5344d5/47f8f6b/fastcrypto-tbls/src/dkg_v1.rs:60:29
    |
 60 | pub struct Confirmation<EG: GroupElement> {
    |                             ^^^^^^^^^^^^ required by this bound in `Confirmation`

   Compiling form_urlencoded v1.2.2
   Compiling rustix v1.1.4
   Compiling unicode-properties v0.1.4
   Compiling toml_datetime v1.1.1+spec-1.1.0
error[E0277]: the trait bound `G2Element: fastcrypto::groups::GroupElement` is not satisfied
   --> /home/rafa/.cargo/git/checkouts/iota-9a03ad60c9097a1b/22eaa70/crates/iota-types/src/messages_consensus.rs:546:20
    |
546 |         party: Arc<dkg_v1::Party<bls12381::G2Element, bls12381::G2Element>>,
    |                    ^^^^^^^^^^^^^^^^^^^^^^^^^^^^^^^^^^^^^^^^^^^^^^^^^^^^^^^ the trait `fastcrypto::groups::GroupElement` is not implemented for `G2Element`
    |
note: there are multiple different versions of crate `fastcrypto` in the dependency graph
   --> /home/rafa/.cargo/git/checkouts/fastcrypto-9995504e1c5344d5/47f8f6b/fastcrypto/src/groups/mod.rs:20:1
    |
 20 | / pub trait GroupElement:
 21 | |     Copy
 22 | |     + Clone
 23 | |     + Debug
...   |
 34 | |     + for<'a> Mul<&'a Self::ScalarType, Output = Self>
 35 | |     + Sized
    | |___________^ this is the expected trait
    |
   ::: /home/rafa/.cargo/registry/src/index.crates.io-1949cf8c6b5b557f/fastcrypto-0.1.11/src/groups/mod.rs:20:1
    |
 20 | / pub trait GroupElement:
 21 | |     Copy
 22 | |     + Clone
 23 | |     + Debug
...   |
 34 | |     + for<'a> Mul<&'a Self::ScalarType, Output = Self>
 35 | |     + Sized
    | |___________- this is the found trait
    = help: you can use `cargo tree` to explore your dependency tree
    = help: the following other types implement trait `fastcrypto::groups::GroupElement`:
              fastcrypto::groups::bls12381::G1Element
              fastcrypto::groups::bls12381::G2Element
              fastcrypto::groups::bls12381::GTElement
              fastcrypto::groups::bls12381::Scalar
              fastcrypto::groups::ristretto255::RistrettoPoint
              fastcrypto::groups::ristretto255::RistrettoScalar
              fastcrypto::groups::secp256k1::ProjectivePoint
              fastcrypto::groups::secp256k1::Scalar
            and 2 others
    = note: there are multiple different versions of crate `fastcrypto` in the dependency graph
    = help: you can use `cargo tree` to explore your dependency tree
note: required by a bound in `Party`
   --> /home/rafa/.cargo/git/checkouts/fastcrypto-9995504e1c5344d5/47f8f6b/fastcrypto-tbls/src/dkg_v1.rs:32:21
    |
 32 | pub struct Party<G: GroupElement, EG: GroupElement>
    |                     ^^^^^^^^^^^^ required by this bound in `Party`

error[E0277]: the trait bound `G2Element: fastcrypto::groups::GroupElement` is not satisfied
   --> /home/rafa/.cargo/git/checkouts/iota-9a03ad60c9097a1b/22eaa70/crates/iota-types/src/messages_consensus.rs:553:31
    |
553 |     pub fn unwrap_v1(self) -> dkg_v1::Message<bls12381::G2Element, bls12381::G2Element> {
    |                               ^^^^^^^^^^^^^^^^^^^^^^^^^^^^^^^^^^^^^^^^^^^^^^^^^^^^^^^^^ the trait `fastcrypto::groups::GroupElement` is not implemented for `G2Element`
    |
note: there are multiple different versions of crate `fastcrypto` in the dependency graph
   --> /home/rafa/.cargo/git/checkouts/fastcrypto-9995504e1c5344d5/47f8f6b/fastcrypto/src/groups/mod.rs:20:1
    |
 20 | / pub trait GroupElement:
 21 | |     Copy
 22 | |     + Clone
 23 | |     + Debug
...   |
 34 | |     + for<'a> Mul<&'a Self::ScalarType, Output = Self>
 35 | |     + Sized
    | |___________^ this is the expected trait
    |
   ::: /home/rafa/.cargo/registry/src/index.crates.io-1949cf8c6b5b557f/fastcrypto-0.1.11/src/groups/mod.rs:20:1
    |
 20 | / pub trait GroupElement:
 21 | |     Copy
 22 | |     + Clone
 23 | |     + Debug
...   |
 34 | |     + for<'a> Mul<&'a Self::ScalarType, Output = Self>
 35 | |     + Sized
    | |___________- this is the found trait
    = help: you can use `cargo tree` to explore your dependency tree
    = help: the following other types implement trait `fastcrypto::groups::GroupElement`:
              fastcrypto::groups::bls12381::G1Element
              fastcrypto::groups::bls12381::G2Element
              fastcrypto::groups::bls12381::GTElement
              fastcrypto::groups::bls12381::Scalar
              fastcrypto::groups::ristretto255::RistrettoPoint
              fastcrypto::groups::ristretto255::RistrettoScalar
              fastcrypto::groups::secp256k1::ProjectivePoint
              fastcrypto::groups::secp256k1::Scalar
            and 2 others
    = note: there are multiple different versions of crate `fastcrypto` in the dependency graph
    = help: you can use `cargo tree` to explore your dependency tree
note: required by a bound in `fastcrypto_tbls::dkg_v1::Message`
   --> /home/rafa/.cargo/git/checkouts/fastcrypto-9995504e1c5344d5/47f8f6b/fastcrypto-tbls/src/dkg_v1.rs:87:23
    |
 87 | pub struct Message<G: GroupElement, EG: GroupElement> {
    |                       ^^^^^^^^^^^^ required by this bound in `Message`

error[E0277]: the trait bound `G2Element: fastcrypto::groups::GroupElement` is not satisfied
   --> /home/rafa/.cargo/git/checkouts/iota-9a03ad60c9097a1b/22eaa70/crates/iota-types/src/messages_consensus.rs:577:33
    |
577 |     pub fn unwrap_v1(&self) -> &dkg_v1::Confirmation<bls12381::G2Element> {
    |                                 ^^^^^^^^^^^^^^^^^^^^^^^^^^^^^^^^^^^^^^^^^ the trait `fastcrypto::groups::GroupElement` is not implemented for `G2Element`
    |
note: there are multiple different versions of crate `fastcrypto` in the dependency graph
   --> /home/rafa/.cargo/git/checkouts/fastcrypto-9995504e1c5344d5/47f8f6b/fastcrypto/src/groups/mod.rs:20:1
    |
 20 | / pub trait GroupElement:
 21 | |     Copy
 22 | |     + Clone
 23 | |     + Debug
...   |
 34 | |     + for<'a> Mul<&'a Self::ScalarType, Output = Self>
 35 | |     + Sized
    | |___________^ this is the expected trait
    |
   ::: /home/rafa/.cargo/registry/src/index.crates.io-1949cf8c6b5b557f/fastcrypto-0.1.11/src/groups/mod.rs:20:1
    |
 20 | / pub trait GroupElement:
 21 | |     Copy
 22 | |     + Clone
 23 | |     + Debug
...   |
 34 | |     + for<'a> Mul<&'a Self::ScalarType, Output = Self>
 35 | |     + Sized
    | |___________- this is the found trait
    = help: you can use `cargo tree` to explore your dependency tree
    = help: the following other types implement trait `fastcrypto::groups::GroupElement`:
              fastcrypto::groups::bls12381::G1Element
              fastcrypto::groups::bls12381::G2Element
              fastcrypto::groups::bls12381::GTElement
              fastcrypto::groups::bls12381::Scalar
              fastcrypto::groups::ristretto255::RistrettoPoint
              fastcrypto::groups::ristretto255::RistrettoScalar
              fastcrypto::groups::secp256k1::ProjectivePoint
              fastcrypto::groups::secp256k1::Scalar
            and 2 others
    = note: there are multiple different versions of crate `fastcrypto` in the dependency graph
    = help: you can use `cargo tree` to explore your dependency tree
note: required by a bound in `Confirmation`
   --> /home/rafa/.cargo/git/checkouts/fastcrypto-9995504e1c5344d5/47f8f6b/fastcrypto-tbls/src/dkg_v1.rs:60:29
    |
 60 | pub struct Confirmation<EG: GroupElement> {
    |                             ^^^^^^^^^^^^ required by this bound in `Confirmation`

   Compiling unicode-bidi v0.3.18
   Compiling getrandom v0.4.3
   Compiling dunce v1.0.5
   Compiling slab v0.4.12
   Compiling snap v1.1.2
   Compiling futures-io v0.3.34
   Compiling futures-task v0.3.34
   Compiling futures-util v0.3.34
   Compiling stringprep v0.1.5
   Compiling move-compiler v0.0.1 (https://github.com/iotaledger/iota#22eaa70f)
   Compiling toml_edit v0.25.13+spec-1.1.0
   Compiling url v2.5.8
   Compiling move-coverage v0.1.0 (https://github.com/iotaledger/iota#22eaa70f)
   Compiling tabled v0.12.2
error[E0277]: the trait bound `G2Element: fastcrypto::groups::GroupElement` is not satisfied
   --> /home/rafa/.cargo/git/checkouts/iota-9a03ad60c9097a1b/22eaa70/crates/iota-types/src/messages_consensus.rs:515:8
    |
513 | #[derive(Clone, PartialEq, Eq, Serialize, Deserialize)]
    |          ----- in this derive macro expansion
514 | pub enum VersionedDkgMessage {
515 |     V1(dkg_v1::Message<bls12381::G2Element, bls12381::G2Element>),
    |        ^^^^^^^^^^^^^^^^^^^^^^^^^^^^^^^^^^^^^^^^^^^^^^^^^^^^^^^^^ the trait `fastcrypto::groups::GroupElement` is not implemented for `G2Element`
    |
note: there are multiple different versions of crate `fastcrypto` in the dependency graph
   --> /home/rafa/.cargo/git/checkouts/fastcrypto-9995504e1c5344d5/47f8f6b/fastcrypto/src/groups/mod.rs:20:1
    |
 20 | / pub trait GroupElement:
 21 | |     Copy
 22 | |     + Clone
 23 | |     + Debug
...   |
 34 | |     + for<'a> Mul<&'a Self::ScalarType, Output = Self>
 35 | |     + Sized
    | |___________^ this is the expected trait
    |
   ::: /home/rafa/.cargo/registry/src/index.crates.io-1949cf8c6b5b557f/fastcrypto-0.1.11/src/groups/mod.rs:20:1
    |
 20 | / pub trait GroupElement:
 21 | |     Copy
 22 | |     + Clone
 23 | |     + Debug
...   |
 34 | |     + for<'a> Mul<&'a Self::ScalarType, Output = Self>
 35 | |     + Sized
    | |___________- this is the found trait
    = help: you can use `cargo tree` to explore your dependency tree
    = help: the following other types implement trait `fastcrypto::groups::GroupElement`:
              fastcrypto::groups::bls12381::G1Element
              fastcrypto::groups::bls12381::G2Element
              fastcrypto::groups::bls12381::GTElement
              fastcrypto::groups::bls12381::Scalar
              fastcrypto::groups::ristretto255::RistrettoPoint
              fastcrypto::groups::ristretto255::RistrettoScalar
              fastcrypto::groups::secp256k1::ProjectivePoint
              fastcrypto::groups::secp256k1::Scalar
            and 2 others
    = note: there are multiple different versions of crate `fastcrypto` in the dependency graph
    = help: you can use `cargo tree` to explore your dependency tree
note: required by a bound in `fastcrypto_tbls::dkg_v1::Message`
   --> /home/rafa/.cargo/git/checkouts/fastcrypto-9995504e1c5344d5/47f8f6b/fastcrypto-tbls/src/dkg_v1.rs:87:23
    |
 87 | pub struct Message<G: GroupElement, EG: GroupElement> {
    |                       ^^^^^^^^^^^^ required by this bound in `Message`

error[E0369]: binary operation `==` cannot be applied to type `&fastcrypto_tbls::dkg_v1::Message<G2Element, G2Element>`
   --> /home/rafa/.cargo/git/checkouts/iota-9a03ad60c9097a1b/22eaa70/crates/iota-types/src/messages_consensus.rs:515:8
    |
513 | #[derive(Clone, PartialEq, Eq, Serialize, Deserialize)]
    |                 --------- in this derive macro expansion
514 | pub enum VersionedDkgMessage {
515 |     V1(dkg_v1::Message<bls12381::G2Element, bls12381::G2Element>),
    |        ^^^^^^^^^^^^^^^^^^^^^^^^^^^^^^^^^^^^^^^^^^^^^^^^^^^^^^^^^
    |
note: `G2Element` does not implement `fastcrypto::groups::GroupElement`
   --> /home/rafa/.cargo/registry/src/index.crates.io-1949cf8c6b5b557f/fastcrypto-0.1.11/src/groups/bls12381.rs:46:1
    |
 46 | pub struct G2Element(blst_p2);
    | ^^^^^^^^^^^^^^^^^^^^ `G2Element` is defined in another crate

error[E0277]: the trait bound `G2Element: fastcrypto::groups::GroupElement` is not satisfied
   --> /home/rafa/.cargo/git/checkouts/iota-9a03ad60c9097a1b/22eaa70/crates/iota-types/src/messages_consensus.rs:515:8
    |
513 | #[derive(Clone, PartialEq, Eq, Serialize, Deserialize)]
    |                            -- in this derive macro expansion
514 | pub enum VersionedDkgMessage {
515 |     V1(dkg_v1::Message<bls12381::G2Element, bls12381::G2Element>),
    |        ^^^^^^^^^^^^^^^^^^^^^^^^^^^^^^^^^^^^^^^^^^^^^^^^^^^^^^^^^ the trait `fastcrypto::groups::GroupElement` is not implemented for `G2Element`
    |
note: there are multiple different versions of crate `fastcrypto` in the dependency graph
   --> /home/rafa/.cargo/git/checkouts/fastcrypto-9995504e1c5344d5/47f8f6b/fastcrypto/src/groups/mod.rs:20:1
    |
 20 | / pub trait GroupElement:
 21 | |     Copy
 22 | |     + Clone
 23 | |     + Debug
...   |
 34 | |     + for<'a> Mul<&'a Self::ScalarType, Output = Self>
 35 | |     + Sized
    | |___________^ this is the expected trait
    |
   ::: /home/rafa/.cargo/registry/src/index.crates.io-1949cf8c6b5b557f/fastcrypto-0.1.11/src/groups/mod.rs:20:1
    |
 20 | / pub trait GroupElement:
 21 | |     Copy
 22 | |     + Clone
 23 | |     + Debug
...   |
 34 | |     + for<'a> Mul<&'a Self::ScalarType, Output = Self>
 35 | |     + Sized
    | |___________- this is the found trait
    = help: you can use `cargo tree` to explore your dependency tree
    = help: the following other types implement trait `fastcrypto::groups::GroupElement`:
              fastcrypto::groups::bls12381::G1Element
              fastcrypto::groups::bls12381::G2Element
              fastcrypto::groups::bls12381::GTElement
              fastcrypto::groups::bls12381::Scalar
              fastcrypto::groups::ristretto255::RistrettoPoint
              fastcrypto::groups::ristretto255::RistrettoScalar
              fastcrypto::groups::secp256k1::ProjectivePoint
              fastcrypto::groups::secp256k1::Scalar
            and 2 others
    = note: there are multiple different versions of crate `fastcrypto` in the dependency graph
    = help: you can use `cargo tree` to explore your dependency tree
note: required by a bound in `fastcrypto_tbls::dkg_v1::Message`
   --> /home/rafa/.cargo/git/checkouts/fastcrypto-9995504e1c5344d5/47f8f6b/fastcrypto-tbls/src/dkg_v1.rs:87:23
    |
 87 | pub struct Message<G: GroupElement, EG: GroupElement> {
    |                       ^^^^^^^^^^^^ required by this bound in `Message`

error[E0277]: the trait bound `G2Element: fastcrypto::groups::GroupElement` is not satisfied in `fastcrypto_tbls::dkg_v1::Message<G2Element, G2Element>`
   --> /home/rafa/.cargo/git/checkouts/iota-9a03ad60c9097a1b/22eaa70/crates/iota-types/src/messages_consensus.rs:513:32
    |
513 | #[derive(Clone, PartialEq, Eq, Serialize, Deserialize)]
    |                                ^^^^^^^^^ within `fastcrypto_tbls::dkg_v1::Message<G2Element, G2Element>`, the trait `fastcrypto::groups::GroupElement` is not implemented for `G2Element`
514 | pub enum VersionedDkgMessage {
515 |     V1(dkg_v1::Message<bls12381::G2Element, bls12381::G2Element>),
    |        ------ required by a bound introduced by this call
    |
note: there are multiple different versions of crate `fastcrypto` in the dependency graph
   --> /home/rafa/.cargo/git/checkouts/fastcrypto-9995504e1c5344d5/47f8f6b/fastcrypto/src/groups/mod.rs:20:1
    |
 20 | / pub trait GroupElement:
 21 | |     Copy
 22 | |     + Clone
 23 | |     + Debug
...   |
 34 | |     + for<'a> Mul<&'a Self::ScalarType, Output = Self>
 35 | |     + Sized
    | |___________^ this is the expected trait
    |
   ::: /home/rafa/.cargo/registry/src/index.crates.io-1949cf8c6b5b557f/fastcrypto-0.1.11/src/groups/mod.rs:20:1
    |
 20 | / pub trait GroupElement:
 21 | |     Copy
 22 | |     + Clone
 23 | |     + Debug
...   |
 34 | |     + for<'a> Mul<&'a Self::ScalarType, Output = Self>
 35 | |     + Sized
    | |___________- this is the found trait
    = help: you can use `cargo tree` to explore your dependency tree
    = help: the following other types implement trait `fastcrypto::groups::GroupElement`:
              fastcrypto::groups::bls12381::G1Element
              fastcrypto::groups::bls12381::G2Element
              fastcrypto::groups::bls12381::GTElement
              fastcrypto::groups::bls12381::Scalar
              fastcrypto::groups::ristretto255::RistrettoPoint
              fastcrypto::groups::ristretto255::RistrettoScalar
              fastcrypto::groups::secp256k1::ProjectivePoint
              fastcrypto::groups::secp256k1::Scalar
            and 2 others
    = note: there are multiple different versions of crate `fastcrypto` in the dependency graph
    = help: you can use `cargo tree` to explore your dependency tree
note: required because it appears within the type `fastcrypto_tbls::dkg_v1::Message<G2Element, G2Element>`
   --> /home/rafa/.cargo/git/checkouts/fastcrypto-9995504e1c5344d5/47f8f6b/fastcrypto-tbls/src/dkg_v1.rs:87:12
    |
 87 | pub struct Message<G: GroupElement, EG: GroupElement> {
    |            ^^^^^^^
note: required by a bound in `serialize_newtype_variant`
   --> /home/rafa/.cargo/registry/src/index.crates.io-1949cf8c6b5b557f/serde_core-1.0.229/src/ser/mod.rs:950:34
    |
950 |     fn serialize_newtype_variant<T>(
    |                                  ^ required by this bound in `Serializer::serialize_newtype_variant`
    = note: this error originates in the derive macro `Serialize` (in Nightly builds, run with -Z macro-backtrace for more info)

error[E0277]: the trait bound `G2Element: fastcrypto::groups::GroupElement` is not satisfied
   --> /home/rafa/.cargo/git/checkouts/iota-9a03ad60c9097a1b/22eaa70/crates/iota-types/src/messages_consensus.rs:513:43
    |
513 | #[derive(Clone, PartialEq, Eq, Serialize, Deserialize)]
    |                                           ^^^^^^^^^^^ the trait `fastcrypto::groups::GroupElement` is not implemented for `G2Element`
    |
note: there are multiple different versions of crate `fastcrypto` in the dependency graph
   --> /home/rafa/.cargo/git/checkouts/fastcrypto-9995504e1c5344d5/47f8f6b/fastcrypto/src/groups/mod.rs:20:1
    |
 20 | / pub trait GroupElement:
 21 | |     Copy
 22 | |     + Clone
 23 | |     + Debug
...   |
 34 | |     + for<'a> Mul<&'a Self::ScalarType, Output = Self>
 35 | |     + Sized
    | |___________^ this is the expected trait
    |
   ::: /home/rafa/.cargo/registry/src/index.crates.io-1949cf8c6b5b557f/fastcrypto-0.1.11/src/groups/mod.rs:20:1
    |
 20 | / pub trait GroupElement:
 21 | |     Copy
 22 | |     + Clone
 23 | |     + Debug
...   |
 34 | |     + for<'a> Mul<&'a Self::ScalarType, Output = Self>
 35 | |     + Sized
    | |___________- this is the found trait
    = help: you can use `cargo tree` to explore your dependency tree
    = help: the following other types implement trait `fastcrypto::groups::GroupElement`:
              fastcrypto::groups::bls12381::G1Element
              fastcrypto::groups::bls12381::G2Element
              fastcrypto::groups::bls12381::GTElement
              fastcrypto::groups::bls12381::Scalar
              fastcrypto::groups::ristretto255::RistrettoPoint
              fastcrypto::groups::ristretto255::RistrettoScalar
              fastcrypto::groups::secp256k1::ProjectivePoint
              fastcrypto::groups::secp256k1::Scalar
            and 2 others
    = note: there are multiple different versions of crate `fastcrypto` in the dependency graph
    = help: you can use `cargo tree` to explore your dependency tree
note: required by a bound in `fastcrypto_tbls::dkg_v1::Message`
   --> /home/rafa/.cargo/git/checkouts/fastcrypto-9995504e1c5344d5/47f8f6b/fastcrypto-tbls/src/dkg_v1.rs:87:23
    |
 87 | pub struct Message<G: GroupElement, EG: GroupElement> {
    |                       ^^^^^^^^^^^^ required by this bound in `Message`
    = note: this error originates in the derive macro `Deserialize` (in Nightly builds, run with -Z macro-backtrace for more info)

error[E0277]: the trait bound `G2Element: fastcrypto::groups::GroupElement` is not satisfied in `fastcrypto_tbls::dkg_v1::Message<G2Element, G2Element>`
   --> /home/rafa/.cargo/git/checkouts/iota-9a03ad60c9097a1b/22eaa70/crates/iota-types/src/messages_consensus.rs:514:10
    |
514 |   pub enum VersionedDkgMessage {
    |  __________^
515 | |     V1(dkg_v1::Message<bls12381::G2Element, bls12381::G2Element>),
    | |______^ within `fastcrypto_tbls::dkg_v1::Message<G2Element, G2Element>`, the trait `fastcrypto::groups::GroupElement` is not implemented for `G2Element`
    |
note: there are multiple different versions of crate `fastcrypto` in the dependency graph
   --> /home/rafa/.cargo/git/checkouts/fastcrypto-9995504e1c5344d5/47f8f6b/fastcrypto/src/groups/mod.rs:20:1
    |
 20 | / pub trait GroupElement:
 21 | |     Copy
 22 | |     + Clone
 23 | |     + Debug
...   |
 34 | |     + for<'a> Mul<&'a Self::ScalarType, Output = Self>
 35 | |     + Sized
    | |___________^ this is the expected trait
    |
   ::: /home/rafa/.cargo/registry/src/index.crates.io-1949cf8c6b5b557f/fastcrypto-0.1.11/src/groups/mod.rs:20:1
    |
 20 | / pub trait GroupElement:
 21 | |     Copy
 22 | |     + Clone
 23 | |     + Debug
...   |
 34 | |     + for<'a> Mul<&'a Self::ScalarType, Output = Self>
 35 | |     + Sized
    | |___________- this is the found trait
    = help: you can use `cargo tree` to explore your dependency tree
    = help: the following other types implement trait `fastcrypto::groups::GroupElement`:
              fastcrypto::groups::bls12381::G1Element
              fastcrypto::groups::bls12381::G2Element
              fastcrypto::groups::bls12381::GTElement
              fastcrypto::groups::bls12381::Scalar
              fastcrypto::groups::ristretto255::RistrettoPoint
              fastcrypto::groups::ristretto255::RistrettoScalar
              fastcrypto::groups::secp256k1::ProjectivePoint
              fastcrypto::groups::secp256k1::Scalar
            and 2 others
    = note: there are multiple different versions of crate `fastcrypto` in the dependency graph
    = help: you can use `cargo tree` to explore your dependency tree
note: required because it appears within the type `fastcrypto_tbls::dkg_v1::Message<G2Element, G2Element>`
   --> /home/rafa/.cargo/git/checkouts/fastcrypto-9995504e1c5344d5/47f8f6b/fastcrypto-tbls/src/dkg_v1.rs:87:12
    |
 87 | pub struct Message<G: GroupElement, EG: GroupElement> {
    |            ^^^^^^^
    = note: all function arguments must have a statically known size

error[E0277]: the trait bound `G2Element: fastcrypto::groups::GroupElement` is not satisfied
   --> /home/rafa/.cargo/git/checkouts/iota-9a03ad60c9097a1b/22eaa70/crates/iota-types/src/messages_consensus.rs:520:8
    |
518 | #[derive(Clone, Debug, PartialEq, Eq, Serialize, Deserialize)]
    |          ----- in this derive macro expansion
519 | pub enum VersionedDkgConfirmation {
520 |     V1(dkg_v1::Confirmation<bls12381::G2Element>),
    |        ^^^^^^^^^^^^^^^^^^^^^^^^^^^^^^^^^^^^^^^^^ the trait `fastcrypto::groups::GroupElement` is not implemented for `G2Element`
    |
note: there are multiple different versions of crate `fastcrypto` in the dependency graph
   --> /home/rafa/.cargo/git/checkouts/fastcrypto-9995504e1c5344d5/47f8f6b/fastcrypto/src/groups/mod.rs:20:1
    |
 20 | / pub trait GroupElement:
 21 | |     Copy
 22 | |     + Clone
 23 | |     + Debug
...   |
 34 | |     + for<'a> Mul<&'a Self::ScalarType, Output = Self>
 35 | |     + Sized
    | |___________^ this is the expected trait
    |
   ::: /home/rafa/.cargo/registry/src/index.crates.io-1949cf8c6b5b557f/fastcrypto-0.1.11/src/groups/mod.rs:20:1
    |
 20 | / pub trait GroupElement:
 21 | |     Copy
 22 | |     + Clone
 23 | |     + Debug
...   |
 34 | |     + for<'a> Mul<&'a Self::ScalarType, Output = Self>
 35 | |     + Sized
    | |___________- this is the found trait
    = help: you can use `cargo tree` to explore your dependency tree
    = help: the following other types implement trait `fastcrypto::groups::GroupElement`:
              fastcrypto::groups::bls12381::G1Element
              fastcrypto::groups::bls12381::G2Element
              fastcrypto::groups::bls12381::GTElement
              fastcrypto::groups::bls12381::Scalar
              fastcrypto::groups::ristretto255::RistrettoPoint
              fastcrypto::groups::ristretto255::RistrettoScalar
              fastcrypto::groups::secp256k1::ProjectivePoint
              fastcrypto::groups::secp256k1::Scalar
            and 2 others
    = note: there are multiple different versions of crate `fastcrypto` in the dependency graph
    = help: you can use `cargo tree` to explore your dependency tree
note: required by a bound in `Confirmation`
   --> /home/rafa/.cargo/git/checkouts/fastcrypto-9995504e1c5344d5/47f8f6b/fastcrypto-tbls/src/dkg_v1.rs:60:29
    |
 60 | pub struct Confirmation<EG: GroupElement> {
    |                             ^^^^^^^^^^^^ required by this bound in `Confirmation`

error[E0277]: the trait bound `G2Element: fastcrypto::groups::GroupElement` is not satisfied
   --> /home/rafa/.cargo/git/checkouts/iota-9a03ad60c9097a1b/22eaa70/crates/iota-types/src/messages_consensus.rs:520:8
    |
518 | #[derive(Clone, Debug, PartialEq, Eq, Serialize, Deserialize)]
    |                 ----- in this derive macro expansion
519 | pub enum VersionedDkgConfirmation {
520 |     V1(dkg_v1::Confirmation<bls12381::G2Element>),
    |        ^^^^^^^^^^^^^^^^^^^^^^^^^^^^^^^^^^^^^^^^^ the trait `fastcrypto::groups::GroupElement` is not implemented for `G2Element`
    |
note: there are multiple different versions of crate `fastcrypto` in the dependency graph
   --> /home/rafa/.cargo/git/checkouts/fastcrypto-9995504e1c5344d5/47f8f6b/fastcrypto/src/groups/mod.rs:20:1
    |
 20 | / pub trait GroupElement:
 21 | |     Copy
 22 | |     + Clone
 23 | |     + Debug
...   |
 34 | |     + for<'a> Mul<&'a Self::ScalarType, Output = Self>
 35 | |     + Sized
    | |___________^ this is the expected trait
    |
   ::: /home/rafa/.cargo/registry/src/index.crates.io-1949cf8c6b5b557f/fastcrypto-0.1.11/src/groups/mod.rs:20:1
    |
 20 | / pub trait GroupElement:
 21 | |     Copy
 22 | |     + Clone
 23 | |     + Debug
...   |
 34 | |     + for<'a> Mul<&'a Self::ScalarType, Output = Self>
 35 | |     + Sized
    | |___________- this is the found trait
    = help: you can use `cargo tree` to explore your dependency tree
    = help: the following other types implement trait `fastcrypto::groups::GroupElement`:
              fastcrypto::groups::bls12381::G1Element
              fastcrypto::groups::bls12381::G2Element
              fastcrypto::groups::bls12381::GTElement
              fastcrypto::groups::bls12381::Scalar
              fastcrypto::groups::ristretto255::RistrettoPoint
              fastcrypto::groups::ristretto255::RistrettoScalar
              fastcrypto::groups::secp256k1::ProjectivePoint
              fastcrypto::groups::secp256k1::Scalar
            and 2 others
    = note: there are multiple different versions of crate `fastcrypto` in the dependency graph
    = help: you can use `cargo tree` to explore your dependency tree
    = note: required for `Confirmation<G2Element>` to implement `derive_more::Debug`
    = note: 1 redundant requirement hidden
    = note: required for `&Confirmation<G2Element>` to implement `derive_more::Debug`
    = note: required for the cast from `&&Confirmation<G2Element>` to `&dyn derive_more::Debug`

error[E0369]: binary operation `==` cannot be applied to type `&Confirmation<G2Element>`
   --> /home/rafa/.cargo/git/checkouts/iota-9a03ad60c9097a1b/22eaa70/crates/iota-types/src/messages_consensus.rs:520:8
    |
518 | #[derive(Clone, Debug, PartialEq, Eq, Serialize, Deserialize)]
    |                        --------- in this derive macro expansion
519 | pub enum VersionedDkgConfirmation {
520 |     V1(dkg_v1::Confirmation<bls12381::G2Element>),
    |        ^^^^^^^^^^^^^^^^^^^^^^^^^^^^^^^^^^^^^^^^^
    |
note: `G2Element` does not implement `fastcrypto::groups::GroupElement`
   --> /home/rafa/.cargo/registry/src/index.crates.io-1949cf8c6b5b557f/fastcrypto-0.1.11/src/groups/bls12381.rs:46:1
    |
 46 | pub struct G2Element(blst_p2);
    | ^^^^^^^^^^^^^^^^^^^^ `G2Element` is defined in another crate

error[E0277]: the trait bound `G2Element: fastcrypto::groups::GroupElement` is not satisfied
   --> /home/rafa/.cargo/git/checkouts/iota-9a03ad60c9097a1b/22eaa70/crates/iota-types/src/messages_consensus.rs:520:8
    |
518 | #[derive(Clone, Debug, PartialEq, Eq, Serialize, Deserialize)]
    |                                   -- in this derive macro expansion
519 | pub enum VersionedDkgConfirmation {
520 |     V1(dkg_v1::Confirmation<bls12381::G2Element>),
    |        ^^^^^^^^^^^^^^^^^^^^^^^^^^^^^^^^^^^^^^^^^ the trait `fastcrypto::groups::GroupElement` is not implemented for `G2Element`
    |
note: there are multiple different versions of crate `fastcrypto` in the dependency graph
   --> /home/rafa/.cargo/git/checkouts/fastcrypto-9995504e1c5344d5/47f8f6b/fastcrypto/src/groups/mod.rs:20:1
    |
 20 | / pub trait GroupElement:
 21 | |     Copy
 22 | |     + Clone
 23 | |     + Debug
...   |
 34 | |     + for<'a> Mul<&'a Self::ScalarType, Output = Self>
 35 | |     + Sized
    | |___________^ this is the expected trait
    |
   ::: /home/rafa/.cargo/registry/src/index.crates.io-1949cf8c6b5b557f/fastcrypto-0.1.11/src/groups/mod.rs:20:1
    |
 20 | / pub trait GroupElement:
 21 | |     Copy
 22 | |     + Clone
 23 | |     + Debug
...   |
 34 | |     + for<'a> Mul<&'a Self::ScalarType, Output = Self>
 35 | |     + Sized
    | |___________- this is the found trait
    = help: you can use `cargo tree` to explore your dependency tree
    = help: the following other types implement trait `fastcrypto::groups::GroupElement`:
              fastcrypto::groups::bls12381::G1Element
              fastcrypto::groups::bls12381::G2Element
              fastcrypto::groups::bls12381::GTElement
              fastcrypto::groups::bls12381::Scalar
              fastcrypto::groups::ristretto255::RistrettoPoint
              fastcrypto::groups::ristretto255::RistrettoScalar
              fastcrypto::groups::secp256k1::ProjectivePoint
              fastcrypto::groups::secp256k1::Scalar
            and 2 others
    = note: there are multiple different versions of crate `fastcrypto` in the dependency graph
    = help: you can use `cargo tree` to explore your dependency tree
note: required by a bound in `Confirmation`
   --> /home/rafa/.cargo/git/checkouts/fastcrypto-9995504e1c5344d5/47f8f6b/fastcrypto-tbls/src/dkg_v1.rs:60:29
    |
 60 | pub struct Confirmation<EG: GroupElement> {
    |                             ^^^^^^^^^^^^ required by this bound in `Confirmation`

error[E0277]: the trait bound `G2Element: fastcrypto::groups::GroupElement` is not satisfied
   --> /home/rafa/.cargo/git/checkouts/iota-9a03ad60c9097a1b/22eaa70/crates/iota-types/src/messages_consensus.rs:518:39
    |
518 | #[derive(Clone, Debug, PartialEq, Eq, Serialize, Deserialize)]
    |                                       ^^^^^^^^^ the trait `fastcrypto::groups::GroupElement` is not implemented for `G2Element`
519 | pub enum VersionedDkgConfirmation {
520 |     V1(dkg_v1::Confirmation<bls12381::G2Element>),
    |        ------ required by a bound introduced by this call
    |
note: there are multiple different versions of crate `fastcrypto` in the dependency graph
   --> /home/rafa/.cargo/git/checkouts/fastcrypto-9995504e1c5344d5/47f8f6b/fastcrypto/src/groups/mod.rs:20:1
    |
 20 | / pub trait GroupElement:
 21 | |     Copy
 22 | |     + Clone
 23 | |     + Debug
...   |
 34 | |     + for<'a> Mul<&'a Self::ScalarType, Output = Self>
 35 | |     + Sized
    | |___________^ this is the expected trait
    |
   ::: /home/rafa/.cargo/registry/src/index.crates.io-1949cf8c6b5b557f/fastcrypto-0.1.11/src/groups/mod.rs:20:1
    |
 20 | / pub trait GroupElement:
 21 | |     Copy
 22 | |     + Clone
 23 | |     + Debug
...   |
 34 | |     + for<'a> Mul<&'a Self::ScalarType, Output = Self>
 35 | |     + Sized
    | |___________- this is the found trait
    = help: you can use `cargo tree` to explore your dependency tree
    = help: the following other types implement trait `fastcrypto::groups::GroupElement`:
              fastcrypto::groups::bls12381::G1Element
              fastcrypto::groups::bls12381::G2Element
              fastcrypto::groups::bls12381::GTElement
              fastcrypto::groups::bls12381::Scalar
              fastcrypto::groups::ristretto255::RistrettoPoint
              fastcrypto::groups::ristretto255::RistrettoScalar
              fastcrypto::groups::secp256k1::ProjectivePoint
              fastcrypto::groups::secp256k1::Scalar
            and 2 others
    = note: there are multiple different versions of crate `fastcrypto` in the dependency graph
    = help: you can use `cargo tree` to explore your dependency tree
    = note: required for `Confirmation<G2Element>` to implement `error::_::_serde::Serialize`
note: required by a bound in `serialize_newtype_variant`
   --> /home/rafa/.cargo/registry/src/index.crates.io-1949cf8c6b5b557f/serde_core-1.0.229/src/ser/mod.rs:958:21
    |
950 |     fn serialize_newtype_variant<T>(
    |        ------------------------- required by a bound in this associated function
...
958 |         T: ?Sized + Serialize;
    |                     ^^^^^^^^^ required by this bound in `Serializer::serialize_newtype_variant`
    = note: this error originates in the derive macro `Serialize` (in Nightly builds, run with -Z macro-backtrace for more info)

error[E0277]: the trait bound `G2Element: fastcrypto::groups::GroupElement` is not satisfied
   --> /home/rafa/.cargo/git/checkouts/iota-9a03ad60c9097a1b/22eaa70/crates/iota-types/src/messages_consensus.rs:518:50
    |
518 | #[derive(Clone, Debug, PartialEq, Eq, Serialize, Deserialize)]
    |                                                  ^^^^^^^^^^^ the trait `fastcrypto::groups::GroupElement` is not implemented for `G2Element`
    |
note: there are multiple different versions of crate `fastcrypto` in the dependency graph
   --> /home/rafa/.cargo/git/checkouts/fastcrypto-9995504e1c5344d5/47f8f6b/fastcrypto/src/groups/mod.rs:20:1
    |
 20 | / pub trait GroupElement:
 21 | |     Copy
 22 | |     + Clone
 23 | |     + Debug
...   |
 34 | |     + for<'a> Mul<&'a Self::ScalarType, Output = Self>
 35 | |     + Sized
    | |___________^ this is the expected trait
    |
   ::: /home/rafa/.cargo/registry/src/index.crates.io-1949cf8c6b5b557f/fastcrypto-0.1.11/src/groups/mod.rs:20:1
    |
 20 | / pub trait GroupElement:
 21 | |     Copy
 22 | |     + Clone
 23 | |     + Debug
...   |
 34 | |     + for<'a> Mul<&'a Self::ScalarType, Output = Self>
 35 | |     + Sized
    | |___________- this is the found trait
    = help: you can use `cargo tree` to explore your dependency tree
    = help: the following other types implement trait `fastcrypto::groups::GroupElement`:
              fastcrypto::groups::bls12381::G1Element
              fastcrypto::groups::bls12381::G2Element
              fastcrypto::groups::bls12381::GTElement
              fastcrypto::groups::bls12381::Scalar
              fastcrypto::groups::ristretto255::RistrettoPoint
              fastcrypto::groups::ristretto255::RistrettoScalar
              fastcrypto::groups::secp256k1::ProjectivePoint
              fastcrypto::groups::secp256k1::Scalar
            and 2 others
    = note: there are multiple different versions of crate `fastcrypto` in the dependency graph
    = help: you can use `cargo tree` to explore your dependency tree
note: required by a bound in `Confirmation`
   --> /home/rafa/.cargo/git/checkouts/fastcrypto-9995504e1c5344d5/47f8f6b/fastcrypto-tbls/src/dkg_v1.rs:60:29
    |
 60 | pub struct Confirmation<EG: GroupElement> {
    |                             ^^^^^^^^^^^^ required by this bound in `Confirmation`
    = note: this error originates in the derive macro `Deserialize` (in Nightly builds, run with -Z macro-backtrace for more info)

error[E0599]: the method `degree` exists for struct `Poly<G2Element>`, but its trait bounds were not satisfied
   --> /home/rafa/.cargo/git/checkouts/iota-9a03ad60c9097a1b/22eaa70/crates/iota-types/src/messages_consensus.rs:530:28
    |
530 |                 msg.vss_pk.degree(),
    |                            ^^^^^^ method cannot be called on `Poly<G2Element>` due to unsatisfied trait bounds
    |
   ::: /home/rafa/.cargo/registry/src/index.crates.io-1949cf8c6b5b557f/fastcrypto-0.1.11/src/groups/bls12381.rs:46:1
    |
 46 | pub struct G2Element(blst_p2);
    | -------------------- doesn't satisfy `G2Element: fastcrypto::groups::GroupElement`
    |
    = note: the following trait bounds were not satisfied:
            `G2Element: fastcrypto::groups::GroupElement`

error[E0599]: the method `len` exists for struct `MultiRecipientEncryption<G2Element>`, but its trait bounds were not satisfied
   --> /home/rafa/.cargo/git/checkouts/iota-9a03ad60c9097a1b/22eaa70/crates/iota-types/src/messages_consensus.rs:531:38
    |
531 |                 msg.encrypted_shares.len(),
    |                                      ^^^ method cannot be called on `MultiRecipientEncryption<G2Element>` due to unsatisfied trait bounds
    |
   ::: /home/rafa/.cargo/registry/src/index.crates.io-1949cf8c6b5b557f/fastcrypto-0.1.11/src/groups/bls12381.rs:46:1
    |
 46 | pub struct G2Element(blst_p2);
    | -------------------- doesn't satisfy `G2Element: fastcrypto::groups::GroupElement` or `G2Element: fastcrypto::groups::HashToGroupElement`
    |
    = note: the following trait bounds were not satisfied:
            `G2Element: fastcrypto::groups::GroupElement`
            `G2Element: fastcrypto::groups::HashToGroupElement`

error[E0599]: the method `create_message` exists for struct `Arc<Party<G2Element, G2Element>>`, but its trait bounds were not satisfied
   --> /home/rafa/.cargo/git/checkouts/iota-9a03ad60c9097a1b/22eaa70/crates/iota-types/src/messages_consensus.rs:549:25
    |
549 |         let msg = party.create_message(&mut rand::thread_rng())?;
    |                         ^^^^^^^^^^^^^^ method cannot be called on `Arc<Party<G2Element, G2Element>>` due to unsatisfied trait bounds
    |
   ::: /home/rafa/.cargo/registry/src/index.crates.io-1949cf8c6b5b557f/fastcrypto-0.1.11/src/groups/bls12381.rs:46:1
    |
 46 | pub struct G2Element(blst_p2);
    | -------------------- doesn't satisfy `G2Element: fastcrypto::groups::GroupElement`, `G2Element: fastcrypto::groups::HashToGroupElement` or `G2Element: fastcrypto::groups::MultiScalarMul`
    |
    = note: the following trait bounds were not satisfied:
            `G2Element: fastcrypto::groups::GroupElement`
            `G2Element: fastcrypto::groups::MultiScalarMul`
            `G2Element: fastcrypto::groups::HashToGroupElement`

error[E0277]: the trait bound `G2Element: fastcrypto::groups::GroupElement` is not satisfied
   --> /home/rafa/.cargo/git/checkouts/iota-9a03ad60c9097a1b/22eaa70/crates/iota-types/src/messages_consensus.rs:550:36
    |
550 |         Ok(VersionedDkgMessage::V1(msg))
    |                                    ^^^ the trait `fastcrypto::groups::GroupElement` is not implemented for `G2Element`
    |
note: there are multiple different versions of crate `fastcrypto` in the dependency graph
   --> /home/rafa/.cargo/git/checkouts/fastcrypto-9995504e1c5344d5/47f8f6b/fastcrypto/src/groups/mod.rs:20:1
    |
 20 | / pub trait GroupElement:
 21 | |     Copy
 22 | |     + Clone
 23 | |     + Debug
...   |
 34 | |     + for<'a> Mul<&'a Self::ScalarType, Output = Self>
 35 | |     + Sized
    | |___________^ this is the expected trait
    |
   ::: /home/rafa/.cargo/registry/src/index.crates.io-1949cf8c6b5b557f/fastcrypto-0.1.11/src/groups/mod.rs:20:1
    |
 20 | / pub trait GroupElement:
 21 | |     Copy
 22 | |     + Clone
 23 | |     + Debug
...   |
 34 | |     + for<'a> Mul<&'a Self::ScalarType, Output = Self>
 35 | |     + Sized
    | |___________- this is the found trait
    = help: you can use `cargo tree` to explore your dependency tree
    = help: the following other types implement trait `fastcrypto::groups::GroupElement`:
              fastcrypto::groups::bls12381::G1Element
              fastcrypto::groups::bls12381::G2Element
              fastcrypto::groups::bls12381::GTElement
              fastcrypto::groups::bls12381::Scalar
              fastcrypto::groups::ristretto255::RistrettoPoint
              fastcrypto::groups::ristretto255::RistrettoScalar
              fastcrypto::groups::secp256k1::ProjectivePoint
              fastcrypto::groups::secp256k1::Scalar
            and 2 others
    = note: there are multiple different versions of crate `fastcrypto` in the dependency graph
    = help: you can use `cargo tree` to explore your dependency tree
note: required by a bound in `fastcrypto_tbls::dkg_v1::Message`
   --> /home/rafa/.cargo/git/checkouts/fastcrypto-9995504e1c5344d5/47f8f6b/fastcrypto-tbls/src/dkg_v1.rs:87:23
    |
 87 | pub struct Message<G: GroupElement, EG: GroupElement> {
    |                       ^^^^^^^^^^^^ required by this bound in `Message`

error[E0277]: the trait bound `G2Element: fastcrypto::groups::GroupElement` is not satisfied in `fastcrypto_tbls::dkg_v1::Message<G2Element, G2Element>`
   --> /home/rafa/.cargo/git/checkouts/iota-9a03ad60c9097a1b/22eaa70/crates/iota-types/src/messages_consensus.rs:555:37
    |
555 |             VersionedDkgMessage::V1(msg) => msg,
    |                                     ^^^ within `fastcrypto_tbls::dkg_v1::Message<G2Element, G2Element>`, the trait `fastcrypto::groups::GroupElement` is not implemented for `G2Element`
    |
note: there are multiple different versions of crate `fastcrypto` in the dependency graph
   --> /home/rafa/.cargo/git/checkouts/fastcrypto-9995504e1c5344d5/47f8f6b/fastcrypto/src/groups/mod.rs:20:1
    |
 20 | / pub trait GroupElement:
 21 | |     Copy
 22 | |     + Clone
 23 | |     + Debug
...   |
 34 | |     + for<'a> Mul<&'a Self::ScalarType, Output = Self>
 35 | |     + Sized
    | |___________^ this is the expected trait
    |
   ::: /home/rafa/.cargo/registry/src/index.crates.io-1949cf8c6b5b557f/fastcrypto-0.1.11/src/groups/mod.rs:20:1
    |
 20 | / pub trait GroupElement:
 21 | |     Copy
 22 | |     + Clone
 23 | |     + Debug
...   |
 34 | |     + for<'a> Mul<&'a Self::ScalarType, Output = Self>
 35 | |     + Sized
    | |___________- this is the found trait
    = help: you can use `cargo tree` to explore your dependency tree
    = help: the following other types implement trait `fastcrypto::groups::GroupElement`:
              fastcrypto::groups::bls12381::G1Element
              fastcrypto::groups::bls12381::G2Element
              fastcrypto::groups::bls12381::GTElement
              fastcrypto::groups::bls12381::Scalar
              fastcrypto::groups::ristretto255::RistrettoPoint
              fastcrypto::groups::ristretto255::RistrettoScalar
              fastcrypto::groups::secp256k1::ProjectivePoint
              fastcrypto::groups::secp256k1::Scalar
            and 2 others
    = note: there are multiple different versions of crate `fastcrypto` in the dependency graph
    = help: you can use `cargo tree` to explore your dependency tree
note: required because it appears within the type `fastcrypto_tbls::dkg_v1::Message<G2Element, G2Element>`
   --> /home/rafa/.cargo/git/checkouts/fastcrypto-9995504e1c5344d5/47f8f6b/fastcrypto-tbls/src/dkg_v1.rs:87:12
    |
 87 | pub struct Message<G: GroupElement, EG: GroupElement> {
    |            ^^^^^^^
    = note: all local variables must have a statically known size

error[E0599]: the method `len` exists for struct `Vec<fastcrypto_tbls::dkg_v1::Complaint<G2Element>>`, but its trait bounds were not satisfied
   --> /home/rafa/.cargo/git/checkouts/iota-9a03ad60c9097a1b/22eaa70/crates/iota-types/src/messages_consensus.rs:573:65
    |
573 |             VersionedDkgConfirmation::V1(msg) => msg.complaints.len(),
    |                                                                 ^^^ private field, not a method
    |
   ::: /home/rafa/.cargo/registry/src/index.crates.io-1949cf8c6b5b557f/fastcrypto-0.1.11/src/groups/bls12381.rs:46:1
    |
 46 | pub struct G2Element(blst_p2);
    | -------------------- doesn't satisfy `G2Element: fastcrypto::groups::GroupElement`
    |
   ::: /home/rafa/.cargo/git/checkouts/fastcrypto-9995504e1c5344d5/47f8f6b/fastcrypto-tbls/src/dkg_v1.rs:52:1
    |
 52 | pub struct Complaint<EG: GroupElement> {
    | -------------------------------------- doesn't satisfy `_: Sized`
    |
    = note: the following trait bounds were not satisfied:
            `G2Element: fastcrypto::groups::GroupElement`
            which is required by `fastcrypto_tbls::dkg_v1::Complaint<G2Element>: Sized`

   Compiling anemo-tower v0.0.0 (https://github.com/mystenlabs/anemo.git?rev=f8b708601d002a75955dafebae4f75628c6f42b4#f8b70860)
   Compiling crossbeam-queue v0.3.13
   Compiling hashlink v0.8.4
   Compiling iota-tls v1.31.0-alpha (https://github.com/iotaledger/iota#22eaa70f)
   Compiling futures-intrusive v0.5.0
   Compiling serde_json v1.0.151
   Compiling tokio-stream v0.1.19
   Compiling tracing v0.1.44
   Compiling native-tls v0.2.18
   Compiling futures-channel v0.3.34
   Compiling sha2 v0.10.9
   Compiling hmac v0.12.1
   Compiling prometheus-closure-metric v1.31.0-alpha (https://github.com/iotaledger/iota#22eaa70f)
   Compiling atoi v2.0.0
   Compiling md-5 v0.10.6
   Compiling blake3 v1.8.6
   Compiling sysinfo v0.39.6
   Compiling dotenvy v0.15.7
   Compiling whoami v1.6.1
   Compiling byteorder v1.5.0
error[E0277]: the trait bound `G2Element: fastcrypto::groups::GroupElement` is not satisfied
   --> /home/rafa/.cargo/git/checkouts/iota-9a03ad60c9097a1b/22eaa70/crates/iota-types/src/messages_consensus.rs:513:43
    |
513 | #[derive(Clone, PartialEq, Eq, Serialize, Deserialize)]
    |                                           ^^^^^^^^^^^ the trait `fastcrypto::groups::GroupElement` is not implemented for `G2Element`
    |
note: there are multiple different versions of crate `fastcrypto` in the dependency graph
   --> /home/rafa/.cargo/git/checkouts/fastcrypto-9995504e1c5344d5/47f8f6b/fastcrypto/src/groups/mod.rs:20:1
    |
 20 | / pub trait GroupElement:
 21 | |     Copy
 22 | |     + Clone
 23 | |     + Debug
...   |
 34 | |     + for<'a> Mul<&'a Self::ScalarType, Output = Self>
 35 | |     + Sized
    | |___________^ this is the expected trait
    |
   ::: /home/rafa/.cargo/registry/src/index.crates.io-1949cf8c6b5b557f/fastcrypto-0.1.11/src/groups/mod.rs:20:1
    |
 20 | / pub trait GroupElement:
 21 | |     Copy
 22 | |     + Clone
 23 | |     + Debug
...   |
 34 | |     + for<'a> Mul<&'a Self::ScalarType, Output = Self>
 35 | |     + Sized
    | |___________- this is the found trait
    = help: you can use `cargo tree` to explore your dependency tree
    = help: the following other types implement trait `fastcrypto::groups::GroupElement`:
              fastcrypto::groups::bls12381::G1Element
              fastcrypto::groups::bls12381::G2Element
              fastcrypto::groups::bls12381::GTElement
              fastcrypto::groups::bls12381::Scalar
              fastcrypto::groups::ristretto255::RistrettoPoint
              fastcrypto::groups::ristretto255::RistrettoScalar
              fastcrypto::groups::secp256k1::ProjectivePoint
              fastcrypto::groups::secp256k1::Scalar
            and 2 others
    = note: there are multiple different versions of crate `fastcrypto` in the dependency graph
    = help: you can use `cargo tree` to explore your dependency tree
    = note: this error originates in the derive macro `Deserialize` (in Nightly builds, run with -Z macro-backtrace for more info)

error[E0277]: the trait bound `G2Element: fastcrypto::groups::GroupElement` is not satisfied
   --> /home/rafa/.cargo/git/checkouts/iota-9a03ad60c9097a1b/22eaa70/crates/iota-types/src/messages_consensus.rs:518:50
    |
518 | #[derive(Clone, Debug, PartialEq, Eq, Serialize, Deserialize)]
    |                                                  ^^^^^^^^^^^ the trait `fastcrypto::groups::GroupElement` is not implemented for `G2Element`
    |
note: there are multiple different versions of crate `fastcrypto` in the dependency graph
   --> /home/rafa/.cargo/git/checkouts/fastcrypto-9995504e1c5344d5/47f8f6b/fastcrypto/src/groups/mod.rs:20:1
    |
 20 | / pub trait GroupElement:
 21 | |     Copy
 22 | |     + Clone
 23 | |     + Debug
...   |
 34 | |     + for<'a> Mul<&'a Self::ScalarType, Output = Self>
 35 | |     + Sized
    | |___________^ this is the expected trait
    |
   ::: /home/rafa/.cargo/registry/src/index.crates.io-1949cf8c6b5b557f/fastcrypto-0.1.11/src/groups/mod.rs:20:1
    |
 20 | / pub trait GroupElement:
 21 | |     Copy
 22 | |     + Clone
 23 | |     + Debug
...   |
 34 | |     + for<'a> Mul<&'a Self::ScalarType, Output = Self>
 35 | |     + Sized
    | |___________- this is the found trait
    = help: you can use `cargo tree` to explore your dependency tree
    = help: the following other types implement trait `fastcrypto::groups::GroupElement`:
              fastcrypto::groups::bls12381::G1Element
              fastcrypto::groups::bls12381::G2Element
              fastcrypto::groups::bls12381::GTElement
              fastcrypto::groups::bls12381::Scalar
              fastcrypto::groups::ristretto255::RistrettoPoint
              fastcrypto::groups::ristretto255::RistrettoScalar
              fastcrypto::groups::secp256k1::ProjectivePoint
              fastcrypto::groups::secp256k1::Scalar
            and 2 others
    = note: there are multiple different versions of crate `fastcrypto` in the dependency graph
    = help: you can use `cargo tree` to explore your dependency tree
    = note: this error originates in the derive macro `Deserialize` (in Nightly builds, run with -Z macro-backtrace for more info)

   Compiling home v0.5.12
   Compiling simple-server-timing-header v0.1.1
   Compiling inline_colorization v0.1.6
   Compiling sqlx-core v0.7.4
   Compiling hkdf v0.12.4
   Compiling iota-http v1.31.0-alpha (https://github.com/iotaledger/iota#22eaa70f)
   Compiling iota-metrics v1.31.0-alpha (https://github.com/iotaledger/iota#22eaa70f)
   Compiling json_to_table v0.6.0 (https://github.com/zhiburt/tabled/?rev=e449317a1c02eb6b29e409ad6617e5d9eb7b3bd4#e449317a)
Some errors have detailed explanations: E0277, E0369, E0599.
For more information about an error, try `rustc --explain E0277`.
error: could not compile `iota-types` (lib) due to 25 previous errors
warning: build failed, waiting for other jobs to finish...
